// Jest Snapshot v1, https://goo.gl/fbAQLP

exports[`<Header /> match the snapshot 1`] = `
<DocumentFragment>
  <div
    class="container-fluid border-bottom"
  >
    <div
      class="container "
    >
      <div
        class="py-3 d-flex"
      >
        <div>
          <img
            alt="logo"
            height="100"
            src="/star-wars-logo.png"
          />
        </div>
        <div
          class="mt-auto ms-3"
        >
          <h1>
            <i>
              Characters
            </i>
          </h1>
        </div>
      </div>
    </div>
  </div>
</DocumentFragment>
`;
