// Jest Snapshot v1, https://goo.gl/fbAQLP

exports[`<Header /> match the snapshot 1`] = `
<DocumentFragment>
  <div
    class="container-fluid text-light header"
  >
    <div
      class="container"
    >
      <div
        class="py-3 d-flex"
      >
        <div>
          <img
            alt="logo"
            class="logo-img"
            height="100"
            src="/logo.jpg"
          />
        </div>
        <div
          class="mt-auto ms-3"
        >
          <h1>
            <i
              style="font-weight: 800;"
            >
              Characters
            </i>
          </h1>
        </div>
      </div>
    </div>
  </div>
</DocumentFragment>
`;
